
=== perf availability check (not benchmark evidence) ===

=== nbody: unprofiled pyperformance timing ===
Python benchmark suite 1.14.0


==================================================
( 1/1) creating venv for benchmark (nbody)

(trying common venv first)
Installing requirements into the virtual environment /root/HW-SW-Project/venv/cpython3.10-95dccfdf4203-compat-31b33d68c68a
# /root/HW-SW-Project/venv/cpython3.10-95dccfdf4203-compat-31b33d68c68a/bin/python -m pip install pyperf==2.10.0 psutil==7.0.0
/root/HW-SW-Project/venv/cpython3.10-95dccfdf4203-compat-31b33d68c68a/lib/python3.10/site-packages/pip/_internal/locations/_distutils.py:9: DeprecationWarning: The distutils package is deprecated and slated for removal in Python 3.12. Use setuptools or check PEP 632 for potential alternatives
  from distutils.cmd import Command as DistutilsCommand
/usr/lib/python3.10/distutils/command/install.py:13: DeprecationWarning: The distutils.sysconfig module is deprecated, use sysconfig instead
  from distutils.sysconfig import get_config_vars, is_virtual_environment
Requirement already satisfied: pyperf==2.10.0 in ./venv/cpython3.10-95dccfdf4203-compat-31b33d68c68a/lib/python3.10/site-packages (2.10.0)
Requirement already satisfied: psutil==7.0.0 in ./venv/cpython3.10-95dccfdf4203-compat-31b33d68c68a/lib/python3.10/site-packages (7.0.0)
Installing requirements into the virtual environment /root/HW-SW-Project/venv/cpython3.10-95dccfdf4203-compat-31b33d68c68a
# /root/HW-SW-Project/venv/cpython3.10-95dccfdf4203-compat-31b33d68c68a/bin/python -m pip install psutil
/root/HW-SW-Project/venv/cpython3.10-95dccfdf4203-compat-31b33d68c68a/lib/python3.10/site-packages/pip/_internal/locations/_distutils.py:9: DeprecationWarning: The distutils package is deprecated and slated for removal in Python 3.12. Use setuptools or check PEP 632 for potential alternatives
  from distutils.cmd import Command as DistutilsCommand
/usr/lib/python3.10/distutils/command/install.py:13: DeprecationWarning: The distutils.sysconfig module is deprecated, use sysconfig instead
  from distutils.sysconfig import get_config_vars, is_virtual_environment
Requirement already satisfied: psutil in ./venv/cpython3.10-95dccfdf4203-compat-31b33d68c68a/lib/python3.10/site-packages (7.0.0)
# /root/HW-SW-Project/venv/cpython3.10-95dccfdf4203-compat-31b33d68c68a/bin/python -m pip freeze
/root/HW-SW-Project/venv/cpython3.10-95dccfdf4203-compat-31b33d68c68a/lib/python3.10/site-packages/pip/_internal/locations/_distutils.py:9: DeprecationWarning: The distutils package is deprecated and slated for removal in Python 3.12. Use setuptools or check PEP 632 for potential alternatives
  from distutils.cmd import Command as DistutilsCommand
/usr/lib/python3.10/distutils/command/install.py:13: DeprecationWarning: The distutils.sysconfig module is deprecated, use sysconfig instead
  from distutils.sysconfig import get_config_vars, is_virtual_environment
packaging==26.3
psutil==7.0.0
pyperf==2.10.0
pyperformance==1.14.0
tomli==2.4.1
# /root/HW-SW-Project/venv/cpython3.10-95dccfdf4203-compat-31b33d68c68a/bin/python -m pip freeze
/root/HW-SW-Project/venv/cpython3.10-95dccfdf4203-compat-31b33d68c68a/lib/python3.10/site-packages/pip/_internal/locations/_distutils.py:9: DeprecationWarning: The distutils package is deprecated and slated for removal in Python 3.12. Use setuptools or check PEP 632 for potential alternatives
  from distutils.cmd import Command as DistutilsCommand
/usr/lib/python3.10/distutils/command/install.py:13: DeprecationWarning: The distutils.sysconfig module is deprecated, use sysconfig instead
  from distutils.sysconfig import get_config_vars, is_virtual_environment
packaging==26.3
psutil==7.0.0
pyperf==2.10.0
pyperformance==1.14.0
tomli==2.4.1

[1/1] nbody...
# /root/HW-SW-Project/venv/cpython3.10-95dccfdf4203-compat-31b33d68c68a/bin/python -u /root/HW-SW-Project/manifests/timing/nbody/../../../benchmarks/nbody/run_benchmark.py --loops=1 --processes=20 --values=3 --warmups=1 --iterations=20000 --inherit-environ PYPERFORMANCE_RUNID,PIP_DISABLE_PIP_VERSION_CHECK,PIP_NO_INDEX --output /tmp/tmpt4xgpwug
....................
nbody: Mean +- std dev: 477 ms +- 2 ms

Performance version: 1.14.0
Python version: 3.10.12 (64-bit)
Report on Linux-5.15.0-1106-kvm-x86_64-with-glibc2.35
Number of logical CPUs: 1
Start date: 2026-09-19 14:15:49.275683
End date: 2026-09-19 14:16:31.966981

### nbody ###
Mean +- std dev: 477 ms +- 2 ms


=== raytrace: unprofiled pyperformance timing ===
Python benchmark suite 1.14.0


==================================================
( 1/1) creating venv for benchmark (raytrace)

(trying common venv first)
Installing requirements into the virtual environment /root/HW-SW-Project/venv/cpython3.10-95dccfdf4203-compat-31b33d68c68a
# /root/HW-SW-Project/venv/cpython3.10-95dccfdf4203-compat-31b33d68c68a/bin/python -m pip install pyperf==2.10.0 psutil==7.0.0
/root/HW-SW-Project/venv/cpython3.10-95dccfdf4203-compat-31b33d68c68a/lib/python3.10/site-packages/pip/_internal/locations/_distutils.py:9: DeprecationWarning: The distutils package is deprecated and slated for removal in Python 3.12. Use setuptools or check PEP 632 for potential alternatives
  from distutils.cmd import Command as DistutilsCommand
/usr/lib/python3.10/distutils/command/install.py:13: DeprecationWarning: The distutils.sysconfig module is deprecated, use sysconfig instead
  from distutils.sysconfig import get_config_vars, is_virtual_environment
Requirement already satisfied: pyperf==2.10.0 in ./venv/cpython3.10-95dccfdf4203-compat-31b33d68c68a/lib/python3.10/site-packages (2.10.0)
Requirement already satisfied: psutil==7.0.0 in ./venv/cpython3.10-95dccfdf4203-compat-31b33d68c68a/lib/python3.10/site-packages (7.0.0)
Installing requirements into the virtual environment /root/HW-SW-Project/venv/cpython3.10-95dccfdf4203-compat-31b33d68c68a
# /root/HW-SW-Project/venv/cpython3.10-95dccfdf4203-compat-31b33d68c68a/bin/python -m pip install psutil
/root/HW-SW-Project/venv/cpython3.10-95dccfdf4203-compat-31b33d68c68a/lib/python3.10/site-packages/pip/_internal/locations/_distutils.py:9: DeprecationWarning: The distutils package is deprecated and slated for removal in Python 3.12. Use setuptools or check PEP 632 for potential alternatives
  from distutils.cmd import Command as DistutilsCommand
/usr/lib/python3.10/distutils/command/install.py:13: DeprecationWarning: The distutils.sysconfig module is deprecated, use sysconfig instead
  from distutils.sysconfig import get_config_vars, is_virtual_environment
Requirement already satisfied: psutil in ./venv/cpython3.10-95dccfdf4203-compat-31b33d68c68a/lib/python3.10/site-packages (7.0.0)
# /root/HW-SW-Project/venv/cpython3.10-95dccfdf4203-compat-31b33d68c68a/bin/python -m pip freeze
/root/HW-SW-Project/venv/cpython3.10-95dccfdf4203-compat-31b33d68c68a/lib/python3.10/site-packages/pip/_internal/locations/_distutils.py:9: DeprecationWarning: The distutils package is deprecated and slated for removal in Python 3.12. Use setuptools or check PEP 632 for potential alternatives
  from distutils.cmd import Command as DistutilsCommand
/usr/lib/python3.10/distutils/command/install.py:13: DeprecationWarning: The distutils.sysconfig module is deprecated, use sysconfig instead
  from distutils.sysconfig import get_config_vars, is_virtual_environment
packaging==26.3
psutil==7.0.0
pyperf==2.10.0
pyperformance==1.14.0
tomli==2.4.1
# /root/HW-SW-Project/venv/cpython3.10-95dccfdf4203-compat-31b33d68c68a/bin/python -m pip freeze
/root/HW-SW-Project/venv/cpython3.10-95dccfdf4203-compat-31b33d68c68a/lib/python3.10/site-packages/pip/_internal/locations/_distutils.py:9: DeprecationWarning: The distutils package is deprecated and slated for removal in Python 3.12. Use setuptools or check PEP 632 for potential alternatives
  from distutils.cmd import Command as DistutilsCommand
/usr/lib/python3.10/distutils/command/install.py:13: DeprecationWarning: The distutils.sysconfig module is deprecated, use sysconfig instead
  from distutils.sysconfig import get_config_vars, is_virtual_environment
packaging==26.3
psutil==7.0.0
pyperf==2.10.0
pyperformance==1.14.0
tomli==2.4.1

[1/1] raytrace...
# /root/HW-SW-Project/venv/cpython3.10-95dccfdf4203-compat-31b33d68c68a/bin/python -u /root/HW-SW-Project/manifests/timing/raytrace/../../../benchmarks/raytrace/run_benchmark.py --loops=1 --processes=20 --values=3 --warmups=1 --width=100 --height=100 --inherit-environ PYPERFORMANCE_RUNID,PIP_DISABLE_PIP_VERSION_CHECK,PIP_NO_INDEX --output /tmp/tmpyrn9jhsy
....................
WARNING: the benchmark result may be unstable
* Not enough samples to get a stable result (95% certainly of less than 1% variation)

Try to rerun the benchmark with more runs, values and/or loops.
Run 'python -m pyperf system tune' command to reduce the system jitter.
Use pyperf stats, pyperf dump and pyperf hist to analyze results.
Use --quiet option to hide these warnings.

raytrace: Mean +- std dev: 2.16 sec +- 0.06 sec

Performance version: 1.14.0
Python version: 3.10.12 (64-bit)
Report on Linux-5.15.0-1106-kvm-x86_64-with-glibc2.35
Number of logical CPUs: 1
Start date: 2026-09-19 14:16:45.237692
End date: 2026-09-19 14:19:42.761589

### raytrace ###
Mean +- std dev: 2.16 sec +- 0.06 sec


=== nbody: perf recording of pyperformance ===
perf_event__synthesize_bpf_events: failed to synthesize bpf images: No such file or directory
Couldn't synthesize bpf events.
Python benchmark suite 1.14.0


==================================================
( 1/1) creating venv for benchmark (nbody)

(trying common venv first)
Installing requirements into the virtual environment /root/HW-SW-Project/venv/cpython3.10-95dccfdf4203-compat-31b33d68c68a
# /root/HW-SW-Project/venv/cpython3.10-95dccfdf4203-compat-31b33d68c68a/bin/python -m pip install pyperf==2.10.0 psutil==7.0.0
/root/HW-SW-Project/venv/cpython3.10-95dccfdf4203-compat-31b33d68c68a/lib/python3.10/site-packages/pip/_internal/locations/_distutils.py:9: DeprecationWarning: The distutils package is deprecated and slated for removal in Python 3.12. Use setuptools or check PEP 632 for potential alternatives
  from distutils.cmd import Command as DistutilsCommand
/usr/lib/python3.10/distutils/command/install.py:13: DeprecationWarning: The distutils.sysconfig module is deprecated, use sysconfig instead
  from distutils.sysconfig import get_config_vars, is_virtual_environment
Requirement already satisfied: pyperf==2.10.0 in ./venv/cpython3.10-95dccfdf4203-compat-31b33d68c68a/lib/python3.10/site-packages (2.10.0)
Requirement already satisfied: psutil==7.0.0 in ./venv/cpython3.10-95dccfdf4203-compat-31b33d68c68a/lib/python3.10/site-packages (7.0.0)
Installing requirements into the virtual environment /root/HW-SW-Project/venv/cpython3.10-95dccfdf4203-compat-31b33d68c68a
# /root/HW-SW-Project/venv/cpython3.10-95dccfdf4203-compat-31b33d68c68a/bin/python -m pip install psutil
/root/HW-SW-Project/venv/cpython3.10-95dccfdf4203-compat-31b33d68c68a/lib/python3.10/site-packages/pip/_internal/locations/_distutils.py:9: DeprecationWarning: The distutils package is deprecated and slated for removal in Python 3.12. Use setuptools or check PEP 632 for potential alternatives
  from distutils.cmd import Command as DistutilsCommand
/usr/lib/python3.10/distutils/command/install.py:13: DeprecationWarning: The distutils.sysconfig module is deprecated, use sysconfig instead
  from distutils.sysconfig import get_config_vars, is_virtual_environment
Requirement already satisfied: psutil in ./venv/cpython3.10-95dccfdf4203-compat-31b33d68c68a/lib/python3.10/site-packages (7.0.0)
# /root/HW-SW-Project/venv/cpython3.10-95dccfdf4203-compat-31b33d68c68a/bin/python -m pip freeze
/root/HW-SW-Project/venv/cpython3.10-95dccfdf4203-compat-31b33d68c68a/lib/python3.10/site-packages/pip/_internal/locations/_distutils.py:9: DeprecationWarning: The distutils package is deprecated and slated for removal in Python 3.12. Use setuptools or check PEP 632 for potential alternatives
  from distutils.cmd import Command as DistutilsCommand
/usr/lib/python3.10/distutils/command/install.py:13: DeprecationWarning: The distutils.sysconfig module is deprecated, use sysconfig instead
  from distutils.sysconfig import get_config_vars, is_virtual_environment
packaging==26.3
psutil==7.0.0
pyperf==2.10.0
pyperformance==1.14.0
tomli==2.4.1
# /root/HW-SW-Project/venv/cpython3.10-95dccfdf4203-compat-31b33d68c68a/bin/python -m pip freeze
/root/HW-SW-Project/venv/cpython3.10-95dccfdf4203-compat-31b33d68c68a/lib/python3.10/site-packages/pip/_internal/locations/_distutils.py:9: DeprecationWarning: The distutils package is deprecated and slated for removal in Python 3.12. Use setuptools or check PEP 632 for potential alternatives
  from distutils.cmd import Command as DistutilsCommand
/usr/lib/python3.10/distutils/command/install.py:13: DeprecationWarning: The distutils.sysconfig module is deprecated, use sysconfig instead
  from distutils.sysconfig import get_config_vars, is_virtual_environment
packaging==26.3
psutil==7.0.0
pyperf==2.10.0
pyperformance==1.14.0
tomli==2.4.1

[1/1] nbody...
# /root/HW-SW-Project/venv/cpython3.10-95dccfdf4203-compat-31b33d68c68a/bin/python -u /root/HW-SW-Project/manifests/profile/nbody/../../../benchmarks/nbody/run_benchmark.py --loops=1 --processes=1 --values=40 --warmups=1 --iterations=20000 --inherit-environ PYPERFORMANCE_RUNID,PIP_DISABLE_PIP_VERSION_CHECK,PIP_NO_INDEX --output /tmp/tmp8vptlni5
.
nbody: Mean +- std dev: 481 ms +- 5 ms

Performance version: 1.14.0
Python version: 3.10.12 (64-bit)
Report on Linux-5.15.0-1106-kvm-x86_64-with-glibc2.35
Number of logical CPUs: 1
Start date: 2026-09-19 14:20:00.288049
End date: 2026-09-19 14:20:20.288049

### nbody ###
Mean +- std dev: 481 ms +- 5 ms

[ perf record: Woken up 329 times to write data ]
[ perf record: Captured and wrote 82.211 MB /root/HW-SW-Project/results/baseline-20260919-141538/raw/nbody.perf.data (5167 samples) ]

=== raytrace: perf recording of pyperformance ===
perf_event__synthesize_bpf_events: failed to synthesize bpf images: No such file or directory
Couldn't synthesize bpf events.
Python benchmark suite 1.14.0


==================================================
( 1/1) creating venv for benchmark (raytrace)

(trying common venv first)
Installing requirements into the virtual environment /root/HW-SW-Project/venv/cpython3.10-95dccfdf4203-compat-31b33d68c68a
# /root/HW-SW-Project/venv/cpython3.10-95dccfdf4203-compat-31b33d68c68a/bin/python -m pip install pyperf==2.10.0 psutil==7.0.0
/root/HW-SW-Project/venv/cpython3.10-95dccfdf4203-compat-31b33d68c68a/lib/python3.10/site-packages/pip/_internal/locations/_distutils.py:9: DeprecationWarning: The distutils package is deprecated and slated for removal in Python 3.12. Use setuptools or check PEP 632 for potential alternatives
  from distutils.cmd import Command as DistutilsCommand
/usr/lib/python3.10/distutils/command/install.py:13: DeprecationWarning: The distutils.sysconfig module is deprecated, use sysconfig instead
  from distutils.sysconfig import get_config_vars, is_virtual_environment
Requirement already satisfied: pyperf==2.10.0 in ./venv/cpython3.10-95dccfdf4203-compat-31b33d68c68a/lib/python3.10/site-packages (2.10.0)
Requirement already satisfied: psutil==7.0.0 in ./venv/cpython3.10-95dccfdf4203-compat-31b33d68c68a/lib/python3.10/site-packages (7.0.0)
Installing requirements into the virtual environment /root/HW-SW-Project/venv/cpython3.10-95dccfdf4203-compat-31b33d68c68a
# /root/HW-SW-Project/venv/cpython3.10-95dccfdf4203-compat-31b33d68c68a/bin/python -m pip install psutil
/root/HW-SW-Project/venv/cpython3.10-95dccfdf4203-compat-31b33d68c68a/lib/python3.10/site-packages/pip/_internal/locations/_distutils.py:9: DeprecationWarning: The distutils package is deprecated and slated for removal in Python 3.12. Use setuptools or check PEP 632 for potential alternatives
  from distutils.cmd import Command as DistutilsCommand
/usr/lib/python3.10/distutils/command/install.py:13: DeprecationWarning: The distutils.sysconfig module is deprecated, use sysconfig instead
  from distutils.sysconfig import get_config_vars, is_virtual_environment
Requirement already satisfied: psutil in ./venv/cpython3.10-95dccfdf4203-compat-31b33d68c68a/lib/python3.10/site-packages (7.0.0)
# /root/HW-SW-Project/venv/cpython3.10-95dccfdf4203-compat-31b33d68c68a/bin/python -m pip freeze
/root/HW-SW-Project/venv/cpython3.10-95dccfdf4203-compat-31b33d68c68a/lib/python3.10/site-packages/pip/_internal/locations/_distutils.py:9: DeprecationWarning: The distutils package is deprecated and slated for removal in Python 3.12. Use setuptools or check PEP 632 for potential alternatives
  from distutils.cmd import Command as DistutilsCommand
/usr/lib/python3.10/distutils/command/install.py:13: DeprecationWarning: The distutils.sysconfig module is deprecated, use sysconfig instead
  from distutils.sysconfig import get_config_vars, is_virtual_environment
packaging==26.3
psutil==7.0.0
pyperf==2.10.0
pyperformance==1.14.0
tomli==2.4.1
# /root/HW-SW-Project/venv/cpython3.10-95dccfdf4203-compat-31b33d68c68a/bin/python -m pip freeze
/root/HW-SW-Project/venv/cpython3.10-95dccfdf4203-compat-31b33d68c68a/lib/python3.10/site-packages/pip/_internal/locations/_distutils.py:9: DeprecationWarning: The distutils package is deprecated and slated for removal in Python 3.12. Use setuptools or check PEP 632 for potential alternatives
  from distutils.cmd import Command as DistutilsCommand
/usr/lib/python3.10/distutils/command/install.py:13: DeprecationWarning: The distutils.sysconfig module is deprecated, use sysconfig instead
  from distutils.sysconfig import get_config_vars, is_virtual_environment
packaging==26.3
psutil==7.0.0
pyperf==2.10.0
pyperformance==1.14.0
tomli==2.4.1

[1/1] raytrace...
# /root/HW-SW-Project/venv/cpython3.10-95dccfdf4203-compat-31b33d68c68a/bin/python -u /root/HW-SW-Project/manifests/profile/raytrace/../../../benchmarks/raytrace/run_benchmark.py --loops=1 --processes=1 --values=10 --warmups=1 --width=100 --height=100 --inherit-environ PYPERFORMANCE_RUNID,PIP_DISABLE_PIP_VERSION_CHECK,PIP_NO_INDEX --output /tmp/tmph7dbubk4
.
raytrace: Mean +- std dev: 2.15 sec +- 0.01 sec

Performance version: 1.14.0
Python version: 3.10.12 (64-bit)
Report on Linux-5.15.0-1106-kvm-x86_64-with-glibc2.35
Number of logical CPUs: 1
Start date: 2026-09-19 14:20:31.376055
End date: 2026-09-19 14:20:55.376055

### raytrace ###
Mean +- std dev: 2.15 sec +- 0.01 sec

[ perf record: Woken up 379 times to write data ]
[ perf record: Captured and wrote 94.743 MB /root/HW-SW-Project/results/baseline-20260919-141538/raw/raytrace.perf.data (5957 samples) ]
