
=== perf availability check (not benchmark evidence) ===

=== nbody: unprofiled pyperformance timing ===
Python benchmark suite 1.14.0


==================================================
( 1/1) creating venv for benchmark (nbody)

(trying common venv first)
Installing requirements into the virtual environment /root/HW-SW-Project/venv/cpython3.10-95dccfdf4203-compat-31b33d68c68a
# /root/HW-SW-Project/venv/cpython3.10-95dccfdf4203-compat-31b33d68c68a/bin/python -m pip install pyperf==2.10.0 psutil==7.0.0
/root/HW-SW-Project/venv/cpython3.10-95dccfdf4203-compat-31b33d68c68a/lib/python3.10/site-packages/pip/_internal/locations/_distutils.py:9: DeprecationWarning: The distutils package is deprecated and slated for removal in Python 3.12. Use setuptools or check PEP 632 for potential alternatives
  from distutils.cmd import Command as DistutilsCommand
/usr/lib/python3.10/distutils/command/install.py:13: DeprecationWarning: The distutils.sysconfig module is deprecated, use sysconfig instead
  from distutils.sysconfig import get_config_vars, is_virtual_environment
Requirement already satisfied: pyperf==2.10.0 in ./venv/cpython3.10-95dccfdf4203-compat-31b33d68c68a/lib/python3.10/site-packages (2.10.0)
Requirement already satisfied: psutil==7.0.0 in ./venv/cpython3.10-95dccfdf4203-compat-31b33d68c68a/lib/python3.10/site-packages (7.0.0)
Installing requirements into the virtual environment /root/HW-SW-Project/venv/cpython3.10-95dccfdf4203-compat-31b33d68c68a
# /root/HW-SW-Project/venv/cpython3.10-95dccfdf4203-compat-31b33d68c68a/bin/python -m pip install psutil
/root/HW-SW-Project/venv/cpython3.10-95dccfdf4203-compat-31b33d68c68a/lib/python3.10/site-packages/pip/_internal/locations/_distutils.py:9: DeprecationWarning: The distutils package is deprecated and slated for removal in Python 3.12. Use setuptools or check PEP 632 for potential alternatives
  from distutils.cmd import Command as DistutilsCommand
/usr/lib/python3.10/distutils/command/install.py:13: DeprecationWarning: The distutils.sysconfig module is deprecated, use sysconfig instead
  from distutils.sysconfig import get_config_vars, is_virtual_environment
Requirement already satisfied: psutil in ./venv/cpython3.10-95dccfdf4203-compat-31b33d68c68a/lib/python3.10/site-packages (7.0.0)
# /root/HW-SW-Project/venv/cpython3.10-95dccfdf4203-compat-31b33d68c68a/bin/python -m pip freeze
/root/HW-SW-Project/venv/cpython3.10-95dccfdf4203-compat-31b33d68c68a/lib/python3.10/site-packages/pip/_internal/locations/_distutils.py:9: DeprecationWarning: The distutils package is deprecated and slated for removal in Python 3.12. Use setuptools or check PEP 632 for potential alternatives
  from distutils.cmd import Command as DistutilsCommand
/usr/lib/python3.10/distutils/command/install.py:13: DeprecationWarning: The distutils.sysconfig module is deprecated, use sysconfig instead
  from distutils.sysconfig import get_config_vars, is_virtual_environment
packaging==26.3
psutil==7.0.0
pyperf==2.10.0
pyperformance==1.14.0
tomli==2.4.1
# /root/HW-SW-Project/venv/cpython3.10-95dccfdf4203-compat-31b33d68c68a/bin/python -m pip freeze
/root/HW-SW-Project/venv/cpython3.10-95dccfdf4203-compat-31b33d68c68a/lib/python3.10/site-packages/pip/_internal/locations/_distutils.py:9: DeprecationWarning: The distutils package is deprecated and slated for removal in Python 3.12. Use setuptools or check PEP 632 for potential alternatives
  from distutils.cmd import Command as DistutilsCommand
/usr/lib/python3.10/distutils/command/install.py:13: DeprecationWarning: The distutils.sysconfig module is deprecated, use sysconfig instead
  from distutils.sysconfig import get_config_vars, is_virtual_environment
packaging==26.3
psutil==7.0.0
pyperf==2.10.0
pyperformance==1.14.0
tomli==2.4.1

[1/1] nbody...
# /root/HW-SW-Project/venv/cpython3.10-95dccfdf4203-compat-31b33d68c68a/bin/python -u /root/HW-SW-Project/manifests/timing/nbody/../../../benchmarks/nbody/run_benchmark.py --loops=1 --processes=20 --values=3 --warmups=1 --iterations=20000 --inherit-environ PYPERFORMANCE_RUNID,PIP_DISABLE_PIP_VERSION_CHECK,PIP_NO_INDEX --output /tmp/tmpxf538wd7
....................
nbody: Mean +- std dev: 478 ms +- 2 ms

Performance version: 1.14.0
Python version: 3.10.12 (64-bit)
Report on Linux-5.15.0-1106-kvm-x86_64-with-glibc2.35
Number of logical CPUs: 1
Start date: 2026-09-19 14:31:49.235540
End date: 2026-09-19 14:32:31.982472

### nbody ###
Mean +- std dev: 478 ms +- 2 ms


=== raytrace: unprofiled pyperformance timing ===
Python benchmark suite 1.14.0


==================================================
( 1/1) creating venv for benchmark (raytrace)

(trying common venv first)
Installing requirements into the virtual environment /root/HW-SW-Project/venv/cpython3.10-95dccfdf4203-compat-31b33d68c68a
# /root/HW-SW-Project/venv/cpython3.10-95dccfdf4203-compat-31b33d68c68a/bin/python -m pip install pyperf==2.10.0 psutil==7.0.0
/root/HW-SW-Project/venv/cpython3.10-95dccfdf4203-compat-31b33d68c68a/lib/python3.10/site-packages/pip/_internal/locations/_distutils.py:9: DeprecationWarning: The distutils package is deprecated and slated for removal in Python 3.12. Use setuptools or check PEP 632 for potential alternatives
  from distutils.cmd import Command as DistutilsCommand
/usr/lib/python3.10/distutils/command/install.py:13: DeprecationWarning: The distutils.sysconfig module is deprecated, use sysconfig instead
  from distutils.sysconfig import get_config_vars, is_virtual_environment
Requirement already satisfied: pyperf==2.10.0 in ./venv/cpython3.10-95dccfdf4203-compat-31b33d68c68a/lib/python3.10/site-packages (2.10.0)
Requirement already satisfied: psutil==7.0.0 in ./venv/cpython3.10-95dccfdf4203-compat-31b33d68c68a/lib/python3.10/site-packages (7.0.0)
Installing requirements into the virtual environment /root/HW-SW-Project/venv/cpython3.10-95dccfdf4203-compat-31b33d68c68a
# /root/HW-SW-Project/venv/cpython3.10-95dccfdf4203-compat-31b33d68c68a/bin/python -m pip install psutil
/root/HW-SW-Project/venv/cpython3.10-95dccfdf4203-compat-31b33d68c68a/lib/python3.10/site-packages/pip/_internal/locations/_distutils.py:9: DeprecationWarning: The distutils package is deprecated and slated for removal in Python 3.12. Use setuptools or check PEP 632 for potential alternatives
  from distutils.cmd import Command as DistutilsCommand
/usr/lib/python3.10/distutils/command/install.py:13: DeprecationWarning: The distutils.sysconfig module is deprecated, use sysconfig instead
  from distutils.sysconfig import get_config_vars, is_virtual_environment
Requirement already satisfied: psutil in ./venv/cpython3.10-95dccfdf4203-compat-31b33d68c68a/lib/python3.10/site-packages (7.0.0)
# /root/HW-SW-Project/venv/cpython3.10-95dccfdf4203-compat-31b33d68c68a/bin/python -m pip freeze
/root/HW-SW-Project/venv/cpython3.10-95dccfdf4203-compat-31b33d68c68a/lib/python3.10/site-packages/pip/_internal/locations/_distutils.py:9: DeprecationWarning: The distutils package is deprecated and slated for removal in Python 3.12. Use setuptools or check PEP 632 for potential alternatives
  from distutils.cmd import Command as DistutilsCommand
/usr/lib/python3.10/distutils/command/install.py:13: DeprecationWarning: The distutils.sysconfig module is deprecated, use sysconfig instead
  from distutils.sysconfig import get_config_vars, is_virtual_environment
packaging==26.3
psutil==7.0.0
pyperf==2.10.0
pyperformance==1.14.0
tomli==2.4.1
# /root/HW-SW-Project/venv/cpython3.10-95dccfdf4203-compat-31b33d68c68a/bin/python -m pip freeze
/root/HW-SW-Project/venv/cpython3.10-95dccfdf4203-compat-31b33d68c68a/lib/python3.10/site-packages/pip/_internal/locations/_distutils.py:9: DeprecationWarning: The distutils package is deprecated and slated for removal in Python 3.12. Use setuptools or check PEP 632 for potential alternatives
  from distutils.cmd import Command as DistutilsCommand
/usr/lib/python3.10/distutils/command/install.py:13: DeprecationWarning: The distutils.sysconfig module is deprecated, use sysconfig instead
  from distutils.sysconfig import get_config_vars, is_virtual_environment
packaging==26.3
psutil==7.0.0
pyperf==2.10.0
pyperformance==1.14.0
tomli==2.4.1

[1/1] raytrace...
# /root/HW-SW-Project/venv/cpython3.10-95dccfdf4203-compat-31b33d68c68a/bin/python -u /root/HW-SW-Project/manifests/timing/raytrace/../../../benchmarks/raytrace/run_benchmark.py --loops=1 --processes=20 --values=3 --warmups=1 --width=100 --height=100 --inherit-environ PIP_NO_INDEX,PIP_DISABLE_PIP_VERSION_CHECK,PYPERFORMANCE_RUNID --output /tmp/tmp5036sazl
....................
raytrace: Mean +- std dev: 2.15 sec +- 0.02 sec

Performance version: 1.14.0
Python version: 3.10.12 (64-bit)
Report on Linux-5.15.0-1106-kvm-x86_64-with-glibc2.35
Number of logical CPUs: 1
Start date: 2026-09-19 14:32:45.270840
End date: 2026-09-19 14:35:42.479503

### raytrace ###
Mean +- std dev: 2.15 sec +- 0.02 sec


=== nbody: perf recording of pyperformance ===
perf_event__synthesize_bpf_events: failed to synthesize bpf images: No such file or directory
Couldn't synthesize bpf events.
Python benchmark suite 1.14.0


==================================================
( 1/1) creating venv for benchmark (nbody)

(trying common venv first)
Installing requirements into the virtual environment /root/HW-SW-Project/venv/cpython3.10-95dccfdf4203-compat-31b33d68c68a
# /root/HW-SW-Project/venv/cpython3.10-95dccfdf4203-compat-31b33d68c68a/bin/python -m pip install pyperf==2.10.0 psutil==7.0.0
/root/HW-SW-Project/venv/cpython3.10-95dccfdf4203-compat-31b33d68c68a/lib/python3.10/site-packages/pip/_internal/locations/_distutils.py:9: DeprecationWarning: The distutils package is deprecated and slated for removal in Python 3.12. Use setuptools or check PEP 632 for potential alternatives
  from distutils.cmd import Command as DistutilsCommand
/usr/lib/python3.10/distutils/command/install.py:13: DeprecationWarning: The distutils.sysconfig module is deprecated, use sysconfig instead
  from distutils.sysconfig import get_config_vars, is_virtual_environment
Requirement already satisfied: pyperf==2.10.0 in ./venv/cpython3.10-95dccfdf4203-compat-31b33d68c68a/lib/python3.10/site-packages (2.10.0)
Requirement already satisfied: psutil==7.0.0 in ./venv/cpython3.10-95dccfdf4203-compat-31b33d68c68a/lib/python3.10/site-packages (7.0.0)
Installing requirements into the virtual environment /root/HW-SW-Project/venv/cpython3.10-95dccfdf4203-compat-31b33d68c68a
# /root/HW-SW-Project/venv/cpython3.10-95dccfdf4203-compat-31b33d68c68a/bin/python -m pip install psutil
/root/HW-SW-Project/venv/cpython3.10-95dccfdf4203-compat-31b33d68c68a/lib/python3.10/site-packages/pip/_internal/locations/_distutils.py:9: DeprecationWarning: The distutils package is deprecated and slated for removal in Python 3.12. Use setuptools or check PEP 632 for potential alternatives
  from distutils.cmd import Command as DistutilsCommand
/usr/lib/python3.10/distutils/command/install.py:13: DeprecationWarning: The distutils.sysconfig module is deprecated, use sysconfig instead
  from distutils.sysconfig import get_config_vars, is_virtual_environment
Requirement already satisfied: psutil in ./venv/cpython3.10-95dccfdf4203-compat-31b33d68c68a/lib/python3.10/site-packages (7.0.0)
# /root/HW-SW-Project/venv/cpython3.10-95dccfdf4203-compat-31b33d68c68a/bin/python -m pip freeze
/root/HW-SW-Project/venv/cpython3.10-95dccfdf4203-compat-31b33d68c68a/lib/python3.10/site-packages/pip/_internal/locations/_distutils.py:9: DeprecationWarning: The distutils package is deprecated and slated for removal in Python 3.12. Use setuptools or check PEP 632 for potential alternatives
  from distutils.cmd import Command as DistutilsCommand
/usr/lib/python3.10/distutils/command/install.py:13: DeprecationWarning: The distutils.sysconfig module is deprecated, use sysconfig instead
  from distutils.sysconfig import get_config_vars, is_virtual_environment
packaging==26.3
psutil==7.0.0
pyperf==2.10.0
pyperformance==1.14.0
tomli==2.4.1
# /root/HW-SW-Project/venv/cpython3.10-95dccfdf4203-compat-31b33d68c68a/bin/python -m pip freeze
/root/HW-SW-Project/venv/cpython3.10-95dccfdf4203-compat-31b33d68c68a/lib/python3.10/site-packages/pip/_internal/locations/_distutils.py:9: DeprecationWarning: The distutils package is deprecated and slated for removal in Python 3.12. Use setuptools or check PEP 632 for potential alternatives
  from distutils.cmd import Command as DistutilsCommand
/usr/lib/python3.10/distutils/command/install.py:13: DeprecationWarning: The distutils.sysconfig module is deprecated, use sysconfig instead
  from distutils.sysconfig import get_config_vars, is_virtual_environment
packaging==26.3
psutil==7.0.0
pyperf==2.10.0
pyperformance==1.14.0
tomli==2.4.1

[1/1] nbody...
# /root/HW-SW-Project/venv/cpython3.10-95dccfdf4203-compat-31b33d68c68a/bin/python -u /root/HW-SW-Project/manifests/profile/nbody/../../../benchmarks/nbody/run_benchmark.py --loops=1 --processes=1 --values=40 --warmups=1 --iterations=20000 --inherit-environ PIP_NO_INDEX,PIP_DISABLE_PIP_VERSION_CHECK,PYPERFORMANCE_RUNID --output /tmp/tmpy1gxxaq_
.
nbody: Mean +- std dev: 480 ms +- 1 ms

Performance version: 1.14.0
Python version: 3.10.12 (64-bit)
Report on Linux-5.15.0-1106-kvm-x86_64-with-glibc2.35
Number of logical CPUs: 1
Start date: 2026-09-19 14:35:59.981745
End date: 2026-09-19 14:36:19.981745

### nbody ###
Mean +- std dev: 480 ms +- 1 ms

[ perf record: Woken up 330 times to write data ]
[ perf record: Captured and wrote 82.354 MB /root/HW-SW-Project/results/baseline-20260919-143138/raw/nbody.perf.data (5176 samples) ]

=== raytrace: perf recording of pyperformance ===
perf_event__synthesize_bpf_events: failed to synthesize bpf images: No such file or directory
Couldn't synthesize bpf events.
Python benchmark suite 1.14.0


==================================================
( 1/1) creating venv for benchmark (raytrace)

(trying common venv first)
Installing requirements into the virtual environment /root/HW-SW-Project/venv/cpython3.10-95dccfdf4203-compat-31b33d68c68a
# /root/HW-SW-Project/venv/cpython3.10-95dccfdf4203-compat-31b33d68c68a/bin/python -m pip install pyperf==2.10.0 psutil==7.0.0
/root/HW-SW-Project/venv/cpython3.10-95dccfdf4203-compat-31b33d68c68a/lib/python3.10/site-packages/pip/_internal/locations/_distutils.py:9: DeprecationWarning: The distutils package is deprecated and slated for removal in Python 3.12. Use setuptools or check PEP 632 for potential alternatives
  from distutils.cmd import Command as DistutilsCommand
/usr/lib/python3.10/distutils/command/install.py:13: DeprecationWarning: The distutils.sysconfig module is deprecated, use sysconfig instead
  from distutils.sysconfig import get_config_vars, is_virtual_environment
Requirement already satisfied: pyperf==2.10.0 in ./venv/cpython3.10-95dccfdf4203-compat-31b33d68c68a/lib/python3.10/site-packages (2.10.0)
Requirement already satisfied: psutil==7.0.0 in ./venv/cpython3.10-95dccfdf4203-compat-31b33d68c68a/lib/python3.10/site-packages (7.0.0)
Installing requirements into the virtual environment /root/HW-SW-Project/venv/cpython3.10-95dccfdf4203-compat-31b33d68c68a
# /root/HW-SW-Project/venv/cpython3.10-95dccfdf4203-compat-31b33d68c68a/bin/python -m pip install psutil
/root/HW-SW-Project/venv/cpython3.10-95dccfdf4203-compat-31b33d68c68a/lib/python3.10/site-packages/pip/_internal/locations/_distutils.py:9: DeprecationWarning: The distutils package is deprecated and slated for removal in Python 3.12. Use setuptools or check PEP 632 for potential alternatives
  from distutils.cmd import Command as DistutilsCommand
/usr/lib/python3.10/distutils/command/install.py:13: DeprecationWarning: The distutils.sysconfig module is deprecated, use sysconfig instead
  from distutils.sysconfig import get_config_vars, is_virtual_environment
Requirement already satisfied: psutil in ./venv/cpython3.10-95dccfdf4203-compat-31b33d68c68a/lib/python3.10/site-packages (7.0.0)
# /root/HW-SW-Project/venv/cpython3.10-95dccfdf4203-compat-31b33d68c68a/bin/python -m pip freeze
/root/HW-SW-Project/venv/cpython3.10-95dccfdf4203-compat-31b33d68c68a/lib/python3.10/site-packages/pip/_internal/locations/_distutils.py:9: DeprecationWarning: The distutils package is deprecated and slated for removal in Python 3.12. Use setuptools or check PEP 632 for potential alternatives
  from distutils.cmd import Command as DistutilsCommand
/usr/lib/python3.10/distutils/command/install.py:13: DeprecationWarning: The distutils.sysconfig module is deprecated, use sysconfig instead
  from distutils.sysconfig import get_config_vars, is_virtual_environment
packaging==26.3
psutil==7.0.0
pyperf==2.10.0
pyperformance==1.14.0
tomli==2.4.1
# /root/HW-SW-Project/venv/cpython3.10-95dccfdf4203-compat-31b33d68c68a/bin/python -m pip freeze
/root/HW-SW-Project/venv/cpython3.10-95dccfdf4203-compat-31b33d68c68a/lib/python3.10/site-packages/pip/_internal/locations/_distutils.py:9: DeprecationWarning: The distutils package is deprecated and slated for removal in Python 3.12. Use setuptools or check PEP 632 for potential alternatives
  from distutils.cmd import Command as DistutilsCommand
/usr/lib/python3.10/distutils/command/install.py:13: DeprecationWarning: The distutils.sysconfig module is deprecated, use sysconfig instead
  from distutils.sysconfig import get_config_vars, is_virtual_environment
packaging==26.3
psutil==7.0.0
pyperf==2.10.0
pyperformance==1.14.0
tomli==2.4.1

[1/1] raytrace...
# /root/HW-SW-Project/venv/cpython3.10-95dccfdf4203-compat-31b33d68c68a/bin/python -u /root/HW-SW-Project/manifests/profile/raytrace/../../../benchmarks/raytrace/run_benchmark.py --loops=1 --processes=1 --values=10 --warmups=1 --width=100 --height=100 --inherit-environ PIP_NO_INDEX,PIP_DISABLE_PIP_VERSION_CHECK,PYPERFORMANCE_RUNID --output /tmp/tmpbaaogw33
.
raytrace: Mean +- std dev: 2.19 sec +- 0.00 sec

Performance version: 1.14.0
Python version: 3.10.12 (64-bit)
Report on Linux-5.15.0-1106-kvm-x86_64-with-glibc2.35
Number of logical CPUs: 1
Start date: 2026-09-19 14:36:31.533859
End date: 2026-09-19 14:36:56.533859

### raytrace ###
Mean +- std dev: 2.19 sec +- 0.00 sec

[ perf record: Woken up 385 times to write data ]
[ perf record: Captured and wrote 96.060 MB /root/HW-SW-Project/results/baseline-20260919-143138/raw/raytrace.perf.data (6040 samples) ]
